Listing for file "time.ez80"
    3 00:0000 -  -  -  -  .list 
    4 00:0000 -  -  -  -  .org userMem-2 
    5 D1:A87F EF 7B -  -  .db tExtTok,tAsm84CeCmp 
    6 D1:A881 -  -  -  -  .assume ADL=1 
    7 D1:A881 -  -  -  -  
    8 D1:A881 -  -  -  -  ;-------------------------------
    9 D1:A881 -  -  -  -  ; a few instructions taking 2 cycles:
   10 D1:A881 -  -  -  -  ;	ld a,(hl)	; time: 7
   11 D1:A881 -  -  -  -  ;	adc hl,hl	; time: 8
   12 D1:A881 -  -  -  -  ; a few instructions taking 3 cycles:
   13 D1:A881 -  -  -  -  ;	lea ix,ix+0	; time: 12
   14 D1:A881 -  -  -  -  ;	set 0,(hl)	; time: 15
   15 D1:A881 -  -  -  -  ; a few instructions taking 4 cycles:
   16 D1:A881 -  -  -  -  ;	ld a,(ix+n)	; time: 22
   17 D1:A881 -  -  -  -  ;	ld a,(nn)	; time: 26
   18 D1:A881 -  -  -  -  ;-------------------------------
   19 D1:A881 -  -  -  -  
   20 D1:A881 F3 -  -  -  	di
   21 D1:A882 21 30 00 F2 	ld	hl,$f20030
   22 D1:A886 7E -  -  -  	ld	a,(hl)
   23 D1:A887 E6 C0 -  -  	and	a,%11000000
   24 D1:A889 77 -  -  -  	ld	(hl),a
   25 D1:A88A 2C -  -  -  	inc	l
   26 D1:A88B CB CE -  -  	set	1,(hl)
   27 D1:A88D 06 00 -  -  	ld	b,0
   28 D1:A88F -  -  -  -  
   29 D1:A88F C5 -  -  -  _:	push	bc
   30 D1:A890 21 00 00 F2 	ld	hl,$f20000
   31 D1:A894 11 00 00 00 	ld	de,0
   32 D1:A898 73 -  -  -  	ld	(hl),e
   33 D1:A899 2C -  -  -  	inc	l
   34 D1:A89A ED 1F -  -  	ld	(hl),de
   35 D1:A89C 2E 30 -  -  	ld	l,$30
   36 D1:A89E CB C6 -  -  	set	0,(hl)
   37 D1:A8A0 E5 -  -  -  	push	hl
   38 D1:A8A1 -  -  -  -  
   39 D1:A8A1 -  -  -  -  ;-------------------------------
   40 D1:A8A1 DD 7E 00 -  	ld a,(ix+0)
   41 D1:A8A4 -  -  -  -  ;-------------------------------
   42 D1:A8A4 -  -  -  -  
   43 D1:A8A4 E1 -  -  -  	pop	hl
   44 D1:A8A5 CB 86 -  -  	res	0,(hl)
   45 D1:A8A7 6C -  -  -  	ld	l,h
   46 D1:A8A8 ED 27 -  -  	ld	hl,(hl)
   47 D1:A8AA 11 C5 A8 D1 	ld	de,data
   48 D1:A8AE 1A -  -  -  	ld	a,(de)
   49 D1:A8AF BD -  -  -  	cp	a,l
   50 D1:A8B0 38 02 -  -  	jr	c,+_
   51 D1:A8B2 7D -  -  -  	ld	a,l
   52 D1:A8B3 12 -  -  -  	ld	(de),a
   53 D1:A8B4 C1 -  -  -  _:	pop	bc
   54 D1:A8B5 10 D8 -  -  	djnz	--_
   55 D1:A8B7 B7 -  -  -  	or	a,a
   56 D1:A8B8 ED 62 -  -  	sbc	hl,hl
   57 D1:A8BA 1A -  -  -  	ld	a,(de)
   58 D1:A8BB 6F -  -  -  	ld	l,a
   59 D1:A8BC 11 D7 FF FF 	ld	de,-41
   60 D1:A8C0 19 -  -  -  	add	hl,de
   61 D1:A8C1 C3 E0 1E 02 	jp	_DispHL
   62 D1:A8C5 -  -  -  -  	
   63 D1:A8C5 FF -  -  -  data:   .db 255
